[www.rocket-internet.com/index.html]
[backblue.gif]
[fade.gif]
[index.html]
[global-uploads.webflow.com/5e998d8310343e62a9e92ada/css/introck5.webflow.1f14289be.css]
[global-uploads.webflow.com/5e998d8310343e62a9e92ada/5f02b8417bc6f84cad4b4d34_favicon-32x32.png]
[global-uploads.webflow.com/5e998d8310343e62a9e92ada/5f02bb3f6646fcd5260c17a1_favicon-256x256.png]
[cdnjs.cloudflare.com/ajax/libs/aos/2.3.4/aos.css]
[www.rocket-internet.com/companies.html]
[www.rocket-internet.com/careers.html]
[www.rocket-internet.com/investors.html]
[www.rocket-internet.com/media.html]
[global-uploads.webflow.com/5e998d8310343e62a9e92ada/5ec24b26fe390cfa59c3ccc3_our-companies-phone.png]
[www.rocket-internet.com/imprint.html]
[www.rocket-internet.com/careers/rocket.html]
[www.rocket-internet.com/investors/financial-information.html]
[www.rocket-internet.com/investors/convertible-bond.html]
[www.rocket-internet.com/investors/financial-calendar.html]
[www.rocket-internet.com/investors/ir-news.html]
[www.rocket-internet.com/investors/leadership-governance.html]
[www.rocket-internet.com/investors/annual-general-meeting.html]
[www.rocket-internet.com/investors/contact.html]
[d3e54v103j8qbb.cloudfront.net/js/jquery-3.5.1.min.dc5e7f18c844b2.js]
[global-uploads.webflow.com/5e998d8310343e62a9e92ada/js/webflow.c6e26e02f.js]
[www.rocket-internet.com/index.html]
[cdnjs.cloudflare.com/ajax/libs/aos/2.3.4/aos.js]
[global-uploads.webflow.com/5e998d8310343e62a9e92ada/5ed9051d1de9e65e69134293_hero-rocket-tower-dark.jpg]
[global-uploads.webflow.com/5e998d8310343e62a9e92ada/5ed90fb4f48577e538181d18_hero-life-in-berlin-culture_in_berlin.jpg]
[global-uploads.webflow.com/5e998d8310343e62a9e92ada/5ed90fb41f76ee0f597f3c15_hero-life-in-berlin-people.jpg]
[global-uploads.webflow.com/5e998d8310343e62a9e92ada/5ed90fb4283cca1b6001bb1a_hero-life-in-berlin-pulse_of_europe.jpg]
[global-uploads.webflow.com/5e998d8310343e62a9e92ada/5ec26d57f88d4fd6a509bed9_homepage-slide-1.jpg]
[global-uploads.webflow.com/5e998d8310343e62a9e92ada/5ec26d58f88d4f1cb509beda_homepage-slide-2.jpg]
[global-uploads.webflow.com/5e998d8310343e62a9e92ada/5eddecfa77a7c558043bd296_companies-modal-bg-AgenCasa.jpg]
[global-uploads.webflow.com/5e998d8310343e62a9e92ada/5eec8471933889528889cb49_Payflow.jpg]
[global-uploads.webflow.com/5e998d8310343e62a9e92ada/5eddecfad6281dc5c237061d_companies-modal-bg-bluenest.jpg]
[global-uploads.webflow.com/5e998d8310343e62a9e92ada/5eddecfad6281d667537061e_companies-modal-bg-Expertlead.jpg]
[global-uploads.webflow.com/5e998d8310343e62a9e92ada/5eddecfbd96cb010bbb1460f_companies-modal-bg-FlashCoffee.jpg]
[global-uploads.webflow.com/5e998d8310343e62a9e92ada/5eddecfbd6281d5d30370625_companies-modal-bg-GFG.jpg]
[global-uploads.webflow.com/5e998d8310343e62a9e92ada/5eddecfbd96cb08255b14610_companies-modal-bg-GSG.jpg]
[global-uploads.webflow.com/5e998d8310343e62a9e92ada/5eddecfb99287355417f80d9_companies-modal-bg-Grosenia.jpg]
[global-uploads.webflow.com/5e998d8310343e62a9e92ada/5eddecfc73d6eec9ea2ebbbe_companies-modal-bg-Helpling.jpg]
[global-uploads.webflow.com/5e998d8310343e62a9e92ada/5eddecfc341a43ee1986ce41_companies-modal-bg-Home24.jpg]
[global-uploads.webflow.com/5e998d8310343e62a9e92ada/5eddecfc99287354847f80da_companies-modal-bg-InstaFreight.jpg]
[global-uploads.webflow.com/5e998d8310343e62a9e92ada/5eddecfdd6281d5c53370631_companies-modal-bg-Jeeny.jpg]
[global-uploads.webflow.com/5e998d8310343e62a9e92ada/5eddecfdc99df999edb07168_companies-modal-bg-Katoo.jpg]
[global-uploads.webflow.com/5e998d8310343e62a9e92ada/5eddecfe5314961cf558ab68_companies-modal-bg-Loadsmile.jpg]
[global-uploads.webflow.com/5e998d8310343e62a9e92ada/5eddecfee5cf1e0b3a5c77ef_companies-modal-bg-Nestpick.jpg]
[global-uploads.webflow.com/5e998d8310343e62a9e92ada/5eddecfec99df94905b071a6_companies-modal-bg-Spenmo.jpg]
[global-uploads.webflow.com/5e998d8310343e62a9e92ada/5eddecffe5cf1e68ee5c77f0_companies-modal-bg-Spotcap.jpg]
[global-uploads.webflow.com/5e998d8310343e62a9e92ada/5edded00992873e7097f80dd_companies-modal-bg-Tinvio.jpg]
[global-uploads.webflow.com/5e998d8310343e62a9e92ada/5eddecffaa5175100388ca78_companies-modal-bg-Vitable.jpg]
[global-uploads.webflow.com/5e998d8310343e62a9e92ada/5eec84714f68091d375f78ec_Everstox.jpg]
[global-uploads.webflow.com/5e998d8310343e62a9e92ada/css/introck5.webflow.1f14289be.css]
[cdnjs.cloudflare.com/ajax/libs/aos/2.3.4/aos.css]
[www.rocket-internet.com/cdn-cgi/images/retry.png]
[global-uploads.webflow.com/5e998d8310343e62a9e92ada/5ee322d04ed8cb21a1474f85_D_02-Companies_Image.jpg]
[www.rocket-internet.com/companies.html]
[global-uploads.webflow.com/5e998d8310343e62a9e92ada/5ee322d073a0d06b64c7b9e2_D_03_Careers_Image.jpg]
[www.rocket-internet.com/careers.html]
[www.rocket-internet.com/investors/share.html]
[www.rocket-internet.com/investors/share/share-buy-back-2020-ii.html]
[www.rocket-internet.com/investors/share/public-delisting-self-tender-offer.html]
[www.rocket-internet.com/investors/share/share-buy-back-2020.html]
[www.rocket-internet.com/investors/share/public-share-purchase-offer-2019.html]
[www.rocket-internet.com/investors/share/share-buy-back-2018-2019.html]
[www.rocket-internet.com/investors/share/public-share-purchase-offer-2018.html]
[www.rocket-internet.com/investors/share/share-buy-back-2017-2018.html]
[www.rocket-internet.com/investors/share/analyst-coverage.html]
[www.rocket-internet.com/investors/share/ipo.html]
[www.rocket-internet.com/investors/share/uplisting.html]
[www.rocket-internet.com/investors/convertible-bond-buy-back.html]
[www.rocket-internet.com/investors/convertible-bond-tender.html]
[www.rocket-internet.com/investors/ir-news-adhoc.html]
[s3.tradingview.com/external-embedding/embed-widget-single-quote.js]
[www.rocket-internet.com/investors.html]
[global-uploads.webflow.com/5e998d8310343e62a9e92ada/5ee322d01f3570c7112c3c06_D_05-Media_Image_without_R.jpg]
[www.rocket-internet.com/media/news.html]
[www.rocket-internet.com/news/rocket-internet-se-launches-public-delisting-self-tender-offer.html]
[www.rocket-internet.com/news/rocket-internet-se-extraordinary-general-meeting-2020.html]
[www.rocket-internet.com/news/rocket-internet-se-rocket-internet-announced-h1-2020-results-for-rocket-internet-selected-companies.html]
[www.rocket-internet.com/news/rocket-internet-se-rocket-internet-startet-offentliches-delisting-ruckerwerbsangebot.html]
[www.rocket-internet.com/news/rocket-internet-se-ausserordentliche-hauptversammlung-2020.html]
[www.rocket-internet.com/news/rocket-internet-se-rocket-internet-gibt-h1-2020-ergebnisse-fur-rocket-internet-ausgewahlte-unternehmen-bekannt.html]
[global-uploads.webflow.com/5e9ed73e0065a034b5146da9/5f1e815c92078cfe741b685d_EdnXoa-WsAAz1WZ.jpg]
[global-uploads.webflow.com/5e9ed73e0065a034b5146da9/5f1e808cb574eadf72c40a4b_EdbzUvJXgAA4-Fp.png]
[global-uploads.webflow.com/5e9ed73e0065a034b5146da9/5ee2fe0b2b8db1223c9cd46d_EaOt4p3WkAM6mVH.jpg]
[global-uploads.webflow.com/5e9ed73e0065a034b5146da9/5ed08916538f0ab33b995bd6_EZGGStxXQAgNjBk.jpg]
[global-uploads.webflow.com/5e9ed73e0065a034b5146da9/5ecf3755d86042412438c2d9_EWxQs9fXkAIm-pS.jpg]
[global-uploads.webflow.com/5e998d8310343e62a9e92ada/5ecbade92fa1e93880b4bd17_media-oliversamwer.jpg]
[global-uploads.webflow.com/5e998d8310343e62a9e92ada/5ecbade957d94b475c3bc73f_media-soheilmirpour.jpg]
[www.rocket-internet.com/media.html]
[www.rocket-internet.com/cdn-cgi/scripts/5c5dd728/cloudflare-static/email-decode.min.js]
[www.rocket-internet.com/imprint.html]
[www.rocket-internet.com/cdn-cgi/l/email-protection.html]
[www.rocket-internet.com/careers/rocket/co-founders.html]
[www.rocket-internet.com/careers/rocket/engineering.html]
[www.rocket-internet.com/careers/rocket/finance.html]
[www.rocket-internet.com/careers/rocket.html]
[www.rocket-internet.com/careers/rocket/legal.html]
[www.rocket-internet.com/investors/financial-information.html]
[www.rocket-internet.com/investors/convertible-bond.html]
[www.rocket-internet.com/investors/financial-calendar.html]
[www.rocket-internet.com/news/rocket-internet-se-bafin-notification-of-relevant-six-months-vwap-for-the-delisting-self-tender-offer.html]
[www.rocket-internet.com/news/rocket-internet-se-rocket-internet-se-decides-on-launch-of-public-delisting-self-tender-offer-and-convenes-extraordinary-general-meeting-parallel-share-buyback-program.5c.del]
[www.rocket-internet.com/news/2020-05-28-06-00-04.html]
[www.rocket-internet.com/news/2020-05-15-11-48-22.html]
[www.rocket-internet.com/news/2020-04-02-05-55-02.html]
[www.rocket-internet.com/news/2020-03-02-06-47-19.html]
[www.rocket-internet.com/news/2020-01-30-14-55-37.html]
[www.rocket-internet.com/news/rocket-internet-se-bafin-teilt-massgeblichen-sechs-monats-durchschnittskurs-fur-das-delisting-ruckerwerbsangebot-mit.html]
[www.rocket-internet.com/news/rocket-internet-se-einziehung-von-1-572-340-eigenen-aktien-durchgefuhrt.html]
[www.rocket-internet.com/news/rocket-internet-se-rocket-internet-se-beschliesst-abgabe-eines-offentlichen-delisting-ruckerwerbsangebots-und-beruft-dafur-ausserordentliche-hauptversammlung-ein-paralleles-a]
[www.rocket-internet.com/news/2020-05-28-06-00-04-d.html]
[www.rocket-internet.com/news/2020-05-15-11-48-22-e.html]
[www.rocket-internet.com/news/2020-04-02-05-55-02-1.html]
[www.rocket-internet.com/news/2020-03-02-06-47-19-2.html]
[www.rocket-internet.com/news/2020-01-30-14-55-37-7.html]
[www.rocket-internet.com/news/2019-12-20-18-34-07.html]
[www.rocket-internet.com/news/2019-11-26-07-00-12.html]
[www.rocket-internet.com/news/2019-10-09-07-54-02.html]
[www.rocket-internet.com/news/2019-09-19-06-00-05.html]
[www.rocket-internet.com/news/2019-06-06-11-49-02.html]
[www.rocket-internet.com/news/2019-05-29-06-00-07.html]
[www.rocket-internet.com/news/2019-05-14-06-00-07.html]
[www.rocket-internet.com/news/2019-05-13-15-40-02.html]
[www.rocket-internet.com/news/2019-05-13-06-00-02.html]
[www.rocket-internet.com/news/2019-04-04-06-00-02.html]
[www.rocket-internet.com/news/2019-02-26-07-00-02.html]
[www.rocket-internet.com/news/2019-02-01-21-59-22.html]
[www.rocket-internet.com/news/2019-12-20-18-34-07-d.html]
[www.rocket-internet.com/news/2019-11-26-07-00-12-4.html]
[www.rocket-internet.com/news/2019-10-09-07-54-02-7.html]
[www.rocket-internet.com/news/2019-09-19-06-00-05-8.html]
[www.rocket-internet.com/news/2019-06-06-11-49-02-f.html]
[www.rocket-internet.com/news/2019-05-29-06-00-07-1.html]
[www.rocket-internet.com/news/2019-05-14-06-00-07-8.html]
[www.rocket-internet.com/news/2019-05-13-15-40-02-a.html]
[www.rocket-internet.com/news/2019-05-13-06-00-02-f.html]
[www.rocket-internet.com/news/2019-04-04-06-00-02-2.html]
[www.rocket-internet.com/news/2019-02-26-07-00-02-e.html]
[www.rocket-internet.com/news/2019-02-01-21-59-22-8.html]
[www.rocket-internet.com/news/2018-12-06-16-06-37.html]
[www.rocket-internet.com/news/2018-11-30-07-00-12.html]
[www.rocket-internet.com/news/2018-11-20-07-00-02.html]
[www.rocket-internet.com/news/2018-09-20-05-40-42.html]
[www.rocket-internet.com/news/2018-09-07-06-00-02.html]
[www.rocket-internet.com/news/2018-08-20-05-35-32.html]
[www.rocket-internet.com/news/2018-07-19-14-17-31.html]
[www.rocket-internet.com/news/2018-07-12-17-21-37.html]
[www.rocket-internet.com/news/2018-07-11-06-30-23.html]
[www.rocket-internet.com/news/2018-06-08-12-00-18.html]
[www.rocket-internet.com/news/2018-05-29-06-00-03.html]
[www.rocket-internet.com/news/2018-05-25-06-00-01.html]
[www.rocket-internet.com/news/2018-05-23-13-07-13.html]
[www.rocket-internet.com/news/2018-05-08-07-00-12.html]
[www.rocket-internet.com/news/2018-05-04-16-51-26.html]
[www.rocket-internet.com/news/2018-04-18-19-42-22.html]
[www.rocket-internet.com/news/2018-04-18-15-55-21.html]
[www.rocket-internet.com/news/2018-04-13-06-00-05.html]
[www.rocket-internet.com/news/2018-04-10-06-00-10.html]
[www.rocket-internet.com/news/2018-03-28-11-38-11.html]
[www.rocket-internet.com/news/2018-03-06-14-49-56.html]
[www.rocket-internet.com/news/2018-02-23-19-40-01.html]
[www.rocket-internet.com/news/2018-01-17-13-00-03.html]
[www.rocket-internet.com/news/2018-12-06-16-06-37-a.html]
[www.rocket-internet.com/news/2018-11-30-07-00-12-3.html]
[www.rocket-internet.com/news/2018-11-20-07-00-02-2.html]
[www.rocket-internet.com/news/2018-09-20-05-40-42-b.html]
[www.rocket-internet.com/news/2018-09-07-06-00-02-1.html]
[www.rocket-internet.com/news/2018-08-20-05-35-32-8.html]
[www.rocket-internet.com/news/2018-07-19-14-17-31-d.html]
[www.rocket-internet.com/news/2018-07-12-17-21-37-7.html]
[www.rocket-internet.com/news/2018-07-11-06-30-23-8.html]
[www.rocket-internet.com/news/2018-06-08-12-00-18-f.html]
[www.rocket-internet.com/news/2018-05-29-06-00-03-8.html]
[www.rocket-internet.com/news/2018-05-25-06-00-01-b.html]
[www.rocket-internet.com/news/2018-05-23-13-07-13-4.html]
[www.rocket-internet.com/news/2018-05-08-07-00-12-a.html]
[www.rocket-internet.com/news/2018-05-04-16-51-26-4.html]
[www.rocket-internet.com/news/2018-04-18-19-42-22-d.html]
[www.rocket-internet.com/news/2018-04-18-15-55-21-b.html]
[www.rocket-internet.com/news/2018-04-13-06-00-05-4.html]
[www.rocket-internet.com/news/2018-04-10-06-00-10-2.html]
[www.rocket-internet.com/news/2018-03-28-11-38-11-e.html]
[www.rocket-internet.com/news/2018-03-06-14-49-56-4.html]
[www.rocket-internet.com/news/2018-02-23-19-40-01-f.html]
[www.rocket-internet.com/news/2018-01-17-13-00-03-d.html]
[www.rocket-internet.com/news/2017-11-30-07-00-01.html]
[www.rocket-internet.com/news/2017-11-28-07-00-01.html]
[www.rocket-internet.com/news/2017-09-29-05-40-01.html]
[www.rocket-internet.com/news/2017-09-28-06-00-06.html]
[www.rocket-internet.com/news/2017-09-08-07-58-16.html]
[www.rocket-internet.com/news/2017-08-14-06-20-01.html]
[www.rocket-internet.com/news/2017-06-28-09-27-06.html]
[www.rocket-internet.com/news/2017-06-02-12-25-01.html]
[www.rocket-internet.com/news/2017-05-31-06-00-01.html]
[www.rocket-internet.com/news/2017-05-24-05-00-06.html]
[www.rocket-internet.com/news/2017-05-24-05-00-02.html]
[www.rocket-internet.com/news/2017-04-25-06-00-06.html]
[www.rocket-internet.com/news/2017-04-05-06-23-01.html]
[www.rocket-internet.com/news/2017-01-19-07-00-01.html]
[www.rocket-internet.com/news/2017-11-30-07-00-01-6.html]
[www.rocket-internet.com/news/2017-11-28-07-00-01-9.html]
[www.rocket-internet.com/news/2017-09-29-05-40-01-b.html]
[www.rocket-internet.com/news/2017-09-28-06-00-06-9.html]
[www.rocket-internet.com/news/2017-09-08-07-58-16-f.html]
[www.rocket-internet.com/news/2017-08-14-06-20-01-2.html]
[www.rocket-internet.com/news/2017-06-28-09-27-06-5.html]
[www.rocket-internet.com/news/2017-06-02-12-25-01-d.html]
[www.rocket-internet.com/news/2017-05-31-06-00-01-c.html]
[www.rocket-internet.com/news/2017-05-24-05-00-06-a.html]
[www.rocket-internet.com/news/2017-05-24-05-00-02-1.html]
[www.rocket-internet.com/news/2017-04-25-06-00-06-8.html]
[www.rocket-internet.com/news/2017-04-05-06-23-01-a.html]
[www.rocket-internet.com/news/2017-01-19-07-00-01-3.html]
[www.rocket-internet.com/news/2016-12-20-09-15-41.html]
[www.rocket-internet.com/news/2016-12-09-23-01-26.html]
[www.rocket-internet.com/news/2016-11-30-07-00-01.html]
[www.rocket-internet.com/news/2016-11-23-07-01-01.html]
[www.rocket-internet.com/news/2016-09-23-09-57-31.html]
[www.rocket-internet.com/news/2016-09-22-05-45-01.html]
[www.rocket-internet.com/news/2016-09-15-06-00-01.html]
[www.rocket-internet.com/news/2016-09-07-16-45-01.html]
[www.rocket-internet.com/news/2016-09-01-21-40-56.html]
[www.rocket-internet.com/news/2016-07-22-06-04-21.html]
[www.rocket-internet.com/news/2016-06-09-14-00-01.html]
[www.rocket-internet.com/news/2016-05-31-06-00-01.html]
[www.rocket-internet.com/news/2016-05-02-11-00-01.html]
[www.rocket-internet.com/news/2016-04-14-05-30-02.html]
[www.rocket-internet.com/news/2016-02-05-07-30-01.html]
[www.rocket-internet.com/news/2016-12-20-09-15-41-1.html]
[www.rocket-internet.com/news/2016-12-09-23-01-26-f.html]
[www.rocket-internet.com/news/2016-11-30-07-00-01-5.html]
[www.rocket-internet.com/news/2016-11-23-07-01-01-b.html]
[www.rocket-internet.com/news/2016-09-23-09-57-31-1.html]
[www.rocket-internet.com/news/2016-09-22-05-45-01-e.html]
[www.rocket-internet.com/news/2016-09-15-06-00-01-f.html]
[www.rocket-internet.com/news/2016-09-07-16-45-01-0.html]
[www.rocket-internet.com/news/2016-09-01-21-40-56-a.html]
[www.rocket-internet.com/news/2016-07-22-06-04-21-4.html]
[www.rocket-internet.com/news/2016-06-09-14-00-01-c.html]
[www.rocket-internet.com/news/2016-05-31-06-00-01-f.html]
[www.rocket-internet.com/news/2016-05-02-11-00-01-c.html]
[www.rocket-internet.com/news/2016-04-14-05-30-02-6.html]
[www.rocket-internet.com/news/2016-02-05-07-30-01-5.html]
[www.rocket-internet.com/news/2015-09-30-06-30-21.html]
[www.rocket-internet.com/news/2015-07-22-06-05-44.html]
[www.rocket-internet.com/news/2015-07-14-16-24-03.html]
[www.rocket-internet.com/news/2015-07-13-16-33-35.html]
[www.rocket-internet.com/news/2015-07-01-06-30-02.html]
[www.rocket-internet.com/news/2015-06-23-13-21-17.html]
[www.rocket-internet.com/news/2015-06-08-05-45-06.html]
[www.rocket-internet.com/news/2015-05-05-05-45-01.html]
[www.rocket-internet.com/news/2015-03-18-16-54-47.html]
[www.rocket-internet.com/news/2015-03-11-11-30-02.html]
[www.rocket-internet.com/news/2015-02-13-07-54-46.html]
[www.rocket-internet.com/news/2015-02-12-17-36-35.html]
[www.rocket-internet.com/news/2015-02-12-17-28-03.html]
[www.rocket-internet.com/news/2015-02-11-07-48-07.html]
[www.rocket-internet.com/news/2015-02-06-07-04-27.html]
[www.rocket-internet.com/news/2015-01-21-07-00-04.html]
[www.rocket-internet.com/news/2015-01-07-09-01-58.html]
[www.rocket-internet.com/news/2015-01-06-08-05-38.html]
[www.rocket-internet.com/news/2015-09-30-06-30-21-e.html]
[www.rocket-internet.com/news/2015-07-14-16-24-03-1.html]
[www.rocket-internet.com/news/2015-07-13-16-33-35-7.html]
[www.rocket-internet.com/news/2015-07-01-06-30-02-b.html]
[www.rocket-internet.com/news/2015-06-23-13-21-17-e.html]
[www.rocket-internet.com/news/2015-05-05-05-45-01-0.html]
[www.rocket-internet.com/news/2015-02-12-17-36-35-f.html]
[www.rocket-internet.com/news/2015-02-12-17-28-03-6.html]
[www.rocket-internet.com/news/2015-01-21-07-00-04-b.html]
[www.rocket-internet.com/news/2015-01-07-09-01-58-4.html]
[www.rocket-internet.com/news/2015-01-06-08-05-38-3.html]
[www.rocket-internet.com/news/2014-11-17-11-11-00.html]
[www.rocket-internet.com/news/2014-11-17-07-56-13.html]
[www.rocket-internet.com/news/2014-10-31-21-50-30.html]
[www.rocket-internet.com/news/2014-11-17-07-56-13-f.html]
[www.rocket-internet.com/investors/ir-news.html]
[www.rocket-internet.com/news/2014-10-31-21-50-30-7.html]
[global-uploads.webflow.com/5e998d8310343e62a9e92ada/5ed79adb057aafd9582dda16_corporate-governance-OliverSamwer@2x.png]
[global-uploads.webflow.com/5e998d8310343e62a9e92ada/5ed79ade3eac1e2796e40e96_corporate-governance-SoheilMirpour@2x.png]
[global-uploads.webflow.com/5e998d8310343e62a9e92ada/5ed79ad8988ff309aa79c175_corporate-governance-BettinaCurtze@2x.png]
[global-uploads.webflow.com/5e998d8310343e62a9e92ada/5ed79ad73eac1e480be40e8e_corporate-governance-ArntJeschke@2x.png]
[global-uploads.webflow.com/5e998d8310343e62a9e92ada/5ed79ad99a8bd974dd890a16_corporate-governance-DrEyadAlkassar@2x.png]
[global-uploads.webflow.com/5e998d8310343e62a9e92ada/5ed79add8733580ce810b0d9_corporate-governance-ProfDrMarcusEnglert@2x.png]
[global-uploads.webflow.com/5e998d8310343e62a9e92ada/5ed79add947ce7c7d9946c71_corporate-governance-ProfDrJoachimSchindler@2x.png]
[global-uploads.webflow.com/5e998d8310343e62a9e92ada/5ed79adadd44798e033b65f4_corporate-governance-NorbertLang@1x.png]
[global-uploads.webflow.com/5e998d8310343e62a9e92ada/5ed79adb947ce7a536946c6e_corporate-governance-PierreLouette@2x.png]
[www.rocket-internet.com/investors/leadership-governance.html]
[www.rocket-internet.com/investors/annual-general-meeting.html]
[www.rocket-internet.com/investors/contact.html]
[cdnjs.cloudflare.com/ajax/libs/popper.js/2.4.1/umd/popper.min.js]
[www.rocket-internet.com/cf_use_ob=0;path=/index.html]
[s3.tradingview.com/tv.js]
[www.rocket-internet.com/investors/share.html]
[www.rocket-internet.com/investors/share/share-buy-back-2020-ii.html]
[www.rocket-internet.com/investors/share/public-delisting-self-tender-offer.html]
[www.rocket-internet.com/investors/share/share-buy-back-2020.html]
[www.rocket-internet.com/investors/share/public-share-purchase-offer-2019.html]
[www.rocket-internet.com/investors/share/share-buy-back-2018-2019.html]
[www.rocket-internet.com/investors/share/public-share-purchase-offer-2018.html]
[www.rocket-internet.com/investors/share/share-buy-back-2017-2018.html]
[www.rocket-internet.com/investors/share/analyst-coverage.html]
[www.rocket-internet.com/investors/share/ipo.html]
[www.rocket-internet.com/investors/share/uplisting.html]
[www.rocket-internet.com/investors/convertible-bond-buy-back.html]
[www.rocket-internet.com/investors/convertible-bond-tender.html]
[www.rocket-internet.com/news/ad-hoc-rocket-internet-se-decides-on-launch-of-public-delisting-self-tender-offer-and-convenes-extraordinary-general-meeting-parallel-share-buyback-program.html]
[www.rocket-internet.com/news/2020-05-11-14-11-10.html]
[www.rocket-internet.com/news/rocket-internet-se-rocket-internet-se-beschliesst-abgabe-eines-offentlichen-delisting-ruckerwerbsangebots-und-beruft-dafur-ausserordentliche-hauptversammlung-ein-paralleles-a-2]
[www.rocket-internet.com/news/2019-12-09-07-53-32.html]
[www.rocket-internet.com/news/2019-06-26-15-26-54.html]
[www.rocket-internet.com/news/2019-12-09-07-53-32-d.html]
[www.rocket-internet.com/news/2018-09-27-06-04-58.html]
[www.rocket-internet.com/news/2018-09-20-05-38-37.html]
[www.rocket-internet.com/news/2018-07-11-06-20-26.html]
[www.rocket-internet.com/news/2018-04-16-06-00-43.html]
[www.rocket-internet.com/news/2018-09-27-06-04-58-4.html]
[www.rocket-internet.com/news/2018-07-11-06-20-26-5.html]
[www.rocket-internet.com/news/2018-06-01-06-20-17-6.html]
[www.rocket-internet.com/news/2018-04-16-06-00-43-4.html]
[www.rocket-internet.com/news/2017-10-22-16-34-16.html]
[www.rocket-internet.com/news/2017-09-28-05-55-37.html]
[www.rocket-internet.com/news/2017-08-14-06-03-36.html]
[www.rocket-internet.com/news/2017-05-12-19-53-07.html]
[www.rocket-internet.com/news/2017-10-22-16-34-16-4.html]
[www.rocket-internet.com/news/2017-09-28-05-55-37-8.html]
[www.rocket-internet.com/news/2017-06-19-05-37-15-2.html]
[www.rocket-internet.com/news/2017-05-12-19-53-07-6.html]
[www.rocket-internet.com/news/2016-12-09-22-56-09.html]
[www.rocket-internet.com/news/2016-09-01-21-25-51.html]
[www.rocket-internet.com/news/2016-04-12-05-59-32.html]
[www.rocket-internet.com/news/2016-02-15-07-35-42.html]
[www.rocket-internet.com/news/2015-10-28-07-00-31.html]
[www.rocket-internet.com/news/2015-09-17-05-45-23.html]
[www.rocket-internet.com/news/2015-03-11-11-28-25.html]
[www.rocket-internet.com/news/2015-02-11-07-23-11.html]
[www.rocket-internet.com/news/2015-02-06-06-40-52.html]
[www.rocket-internet.com/news/2015-02-06-00-24-38.html]
[www.rocket-internet.com/news/2015-10-28-07-00-31-e.html]
[www.rocket-internet.com/news/2015-09-17-05-45-23-d.html]
[www.rocket-internet.com/news/2015-03-11-11-28-25-3.html]
[www.rocket-internet.com/news/2015-02-11-07-23-11-7.html]
[www.rocket-internet.com/news/2015-02-06-06-40-52-b.html]
[www.rocket-internet.com/news/2015-02-06-00-24-38-9.html]
[www.rocket-internet.com/news/2014-12-18-20-30-11.html]
[www.rocket-internet.com/news/2014-11-29-07-30-21.html]
[www.rocket-internet.com/news/2014-11-25-17-10-06.html]
[www.rocket-internet.com/news/2014-12-18-20-30-11-7.html]
[www.rocket-internet.com/news/2014-11-29-07-30-21-5.html]
[www.rocket-internet.com/investors/ir-news-adhoc.html]
[www.rocket-internet.com/media/news.html]
[www.rocket-internet.com/news/rocket-internet-se-launches-public-delisting-self-tender-offer.html]
[www.rocket-internet.com/news/rocket-internet-se-extraordinary-general-meeting-2020.html]
[www.rocket-internet.com/news/rocket-internet-se-rocket-internet-announced-h1-2020-results-for-rocket-internet-selected-companies.html]
[www.rocket-internet.com/news/rocket-internet-se-rocket-internet-startet-offentliches-delisting-ruckerwerbsangebot.html]
[www.rocket-internet.com/news/rocket-internet-se-ausserordentliche-hauptversammlung-2020.html]
[www.rocket-internet.com/news/rocket-internet-se-rocket-internet-gibt-h1-2020-ergebnisse-fur-rocket-internet-ausgewahlte-unternehmen-bekannt.html]
[www.rocket-internet.com/cdn-cgi/l/email-protection.html]
[www.rocket-internet.com/news/2014-11-25-17-10-06-a.html]
[www.rocket-internet.com/careers/cf_use_ob=0;path=/index.html]
[global-uploads.webflow.com/5e998d8310343e62a9e92ada/5eda70894bc6a5edec114b46_hero-careers-rocket.jpg]
[www.rocket-internet.com/jobs/co-founder-m-f-0.html]
[www.rocket-internet.com/jobs/co-founder-m-f-7.html]
[www.rocket-internet.com/jobs/co-founder-m-f-a.html]
[www.rocket-internet.com/jobs/founder-m-f-d.html]
[www.rocket-internet.com/careers/rocket/co-founders.html]
[www.rocket-internet.com/careers/rocket/engineering.html]
[www.rocket-internet.com/jobs/co-founder-m-f.html]
[www.rocket-internet.com/jobs/referent-m-w-d-konzernrechnungswesen-rechnungswesen-internal-audit-compliance.html]
[www.rocket-internet.com/jobs/intern-at-global-founders-capital.html]
[www.rocket-internet.com/jobs/financial-analyst-intern-m-f-valuation-business-modeling.html]
[www.rocket-internet.com/jobs/corporate-finance-intern-m-f.html]
[www.rocket-internet.com/jobs/venture-capital-intern-m-f-global-founders-capital.html]
[www.rocket-internet.com/jobs/venture-capital-intern-m-f-d-global-founders-capital.html]
[www.rocket-internet.com/jobs/growth-private-equity-intern-m-f-d-global-founders-capital-8.html]
[www.rocket-internet.com/jobs/growth-private-equity-intern-m-f-d-global-founders-capital.html]
[www.rocket-internet.com/jobs/growth-private-equity-analyst-associate-m-f-d-global-founders-capital.html]
[www.rocket-internet.com/careers/rocket/finance.html]
[www.rocket-internet.com/jobs/venture-capital-intern-global-founders-capital.html]
[www.rocket-internet.com/careers/rocket/legal.html]
[www.rocket-internet.com/jobs/referendare-m-w-d.html]
[www.rocket-internet.com/investors/cf_use_ob=0;path=/index.html]
[www.rocket-internet.com/news/rocket-internet-se-bafin-notification-of-relevant-six-months-vwap-for-the-delisting-self-tender-offer.html]
[www.rocket-internet.com/news/rocket-internet-se-rocket-internet-se-decides-on-launch-of-public-delisting-self-tender-offer-and-convenes-extraordinary-general-meeting-parallel-share-buyback-program.5c.del]
[www.rocket-internet.com/news/2020-05-28-06-00-04.html]
[www.rocket-internet.com/news/2020-05-15-11-48-22.html]
[www.rocket-internet.com/news/2020-04-02-05-55-02.html]
[www.rocket-internet.com/news/2020-03-02-06-47-19.html]
[www.rocket-internet.com/news/2020-01-30-14-55-37.html]
[www.rocket-internet.com/news/rocket-internet-se-bafin-teilt-massgeblichen-sechs-monats-durchschnittskurs-fur-das-delisting-ruckerwerbsangebot-mit.html]
[www.rocket-internet.com/news/rocket-internet-se-rocket-internet-se-beschliesst-abgabe-eines-offentlichen-delisting-ruckerwerbsangebots-und-beruft-dafur-ausserordentliche-hauptversammlung-ein-paralleles-a]
[www.rocket-internet.com/news/rocket-internet-se-einziehung-von-1-572-340-eigenen-aktien-durchgefuhrt.html]
[www.rocket-internet.com/news/2020-05-28-06-00-04-d.html]
[www.rocket-internet.com/news/2020-05-15-11-48-22-e.html]
[www.rocket-internet.com/news/2020-04-02-05-55-02-1.html]
[www.rocket-internet.com/news/2020-03-02-06-47-19-2.html]
[www.rocket-internet.com/news/2020-01-30-14-55-37-7.html]
[www.rocket-internet.com/news/2019-12-20-18-34-07.html]
[www.rocket-internet.com/news/2019-11-26-07-00-12.html]
[www.rocket-internet.com/news/2019-10-09-07-54-02.html]
[www.rocket-internet.com/news/2019-09-19-06-00-05.html]
[www.rocket-internet.com/news/2019-06-06-11-49-02.html]
[www.rocket-internet.com/news/2019-05-29-06-00-07.html]
[www.rocket-internet.com/news/2019-05-14-06-00-07.html]
[www.rocket-internet.com/news/2019-05-13-15-40-02.html]
[www.rocket-internet.com/news/2019-05-13-06-00-02.html]
[www.rocket-internet.com/news/2019-04-04-06-00-02.html]
[www.rocket-internet.com/news/2019-02-26-07-00-02.html]
[www.rocket-internet.com/news/2019-02-01-21-59-22.html]
[www.rocket-internet.com/news/2019-12-20-18-34-07-d.html]
[www.rocket-internet.com/news/2019-11-26-07-00-12-4.html]
[www.rocket-internet.com/news/2019-10-09-07-54-02-7.html]
[www.rocket-internet.com/news/2019-09-19-06-00-05-8.html]
[www.rocket-internet.com/news/2019-06-06-11-49-02-f.html]
[www.rocket-internet.com/news/2019-05-29-06-00-07-1.html]
[www.rocket-internet.com/news/2019-05-14-06-00-07-8.html]
[www.rocket-internet.com/news/2019-05-13-15-40-02-a.html]
[www.rocket-internet.com/news/2019-05-13-06-00-02-f.html]
[www.rocket-internet.com/news/2019-04-04-06-00-02-2.html]
[www.rocket-internet.com/news/2019-02-26-07-00-02-e.html]
[www.rocket-internet.com/news/2019-02-01-21-59-22-8.html]
[www.rocket-internet.com/news/2018-12-06-16-06-37.html]
[www.rocket-internet.com/news/2018-11-30-07-00-12.html]
[www.rocket-internet.com/news/2018-11-20-07-00-02.html]
[www.rocket-internet.com/news/2018-09-20-05-40-42.html]
[www.rocket-internet.com/news/2018-09-07-06-00-02.html]
[www.rocket-internet.com/news/2018-08-20-05-35-32.html]
[www.rocket-internet.com/news/2018-07-19-14-17-31.html]
[www.rocket-internet.com/news/2018-07-12-17-21-37.html]
[www.rocket-internet.com/news/2018-07-11-06-30-23.html]
[www.rocket-internet.com/news/2018-06-08-12-00-18.html]
[www.rocket-internet.com/news/2018-05-29-06-00-03.html]
[www.rocket-internet.com/news/2018-05-25-06-00-01.html]
[www.rocket-internet.com/news/2018-05-23-13-07-13.html]
[www.rocket-internet.com/news/2018-05-08-07-00-12.html]
[www.rocket-internet.com/news/2018-05-04-16-51-26.html]
[www.rocket-internet.com/news/2018-04-18-19-42-22.html]
[www.rocket-internet.com/news/2018-04-18-15-55-21.html]
[www.rocket-internet.com/news/2018-04-13-06-00-05.html]
[www.rocket-internet.com/news/2018-04-10-06-00-10.html]
[www.rocket-internet.com/news/2018-03-28-11-38-11.html]
[www.rocket-internet.com/news/2018-03-06-14-49-56.html]
[www.rocket-internet.com/news/2018-02-23-19-40-01.html]
[www.rocket-internet.com/news/2018-01-17-13-00-03.html]
[www.rocket-internet.com/news/2018-12-06-16-06-37-a.html]
[www.rocket-internet.com/news/2018-11-30-07-00-12-3.html]
[www.rocket-internet.com/news/2018-11-20-07-00-02-2.html]
[www.rocket-internet.com/news/2018-09-20-05-40-42-b.html]
[www.rocket-internet.com/news/2018-09-07-06-00-02-1.html]
[www.rocket-internet.com/news/2018-08-20-05-35-32-8.html]
[www.rocket-internet.com/news/2018-07-19-14-17-31-d.html]
[www.rocket-internet.com/news/2018-07-12-17-21-37-7.html]
[www.rocket-internet.com/news/2018-07-11-06-30-23-8.html]
[www.rocket-internet.com/news/2018-06-08-12-00-18-f.html]
[www.rocket-internet.com/news/2018-05-29-06-00-03-8.html]
[www.rocket-internet.com/news/2018-05-25-06-00-01-b.html]
[www.rocket-internet.com/news/2018-05-23-13-07-13-4.html]
[www.rocket-internet.com/news/2018-05-08-07-00-12-a.html]
[www.rocket-internet.com/news/2018-05-04-16-51-26-4.html]
[www.rocket-internet.com/news/2018-04-18-19-42-22-d.html]
[www.rocket-internet.com/news/2018-04-18-15-55-21-b.html]
[www.rocket-internet.com/news/2018-04-13-06-00-05-4.html]
[www.rocket-internet.com/news/2018-04-10-06-00-10-2.html]
[www.rocket-internet.com/news/2018-03-28-11-38-11-e.html]
[www.rocket-internet.com/news/2018-03-06-14-49-56-4.html]
[www.rocket-internet.com/news/2018-02-23-19-40-01-f.html]
[www.rocket-internet.com/news/2018-01-17-13-00-03-d.html]
[www.rocket-internet.com/news/2017-11-30-07-00-01.html]
[www.rocket-internet.com/news/2017-11-28-07-00-01.html]
[www.rocket-internet.com/news/2017-09-29-05-40-01.html]
[www.rocket-internet.com/news/2017-09-28-06-00-06.html]
[www.rocket-internet.com/news/2017-09-08-07-58-16.html]
[www.rocket-internet.com/news/2017-08-14-06-20-01.html]
[www.rocket-internet.com/news/2017-06-28-09-27-06.html]
[www.rocket-internet.com/news/2017-06-02-12-25-01.html]
[www.rocket-internet.com/news/2017-05-31-06-00-01.html]
[www.rocket-internet.com/news/2017-05-24-05-00-06.html]
[www.rocket-internet.com/news/2017-05-24-05-00-02.html]
[www.rocket-internet.com/news/2017-04-25-06-00-06.html]
[www.rocket-internet.com/news/2017-04-05-06-23-01.html]
[www.rocket-internet.com/news/2017-01-19-07-00-01.html]
[www.rocket-internet.com/news/2017-11-30-07-00-01-6.html]
[www.rocket-internet.com/news/2017-11-28-07-00-01-9.html]
[www.rocket-internet.com/news/2017-09-29-05-40-01-b.html]
[www.rocket-internet.com/news/2017-09-28-06-00-06-9.html]
[www.rocket-internet.com/news/2017-09-08-07-58-16-f.html]
[www.rocket-internet.com/news/2017-08-14-06-20-01-2.html]
[www.rocket-internet.com/news/2017-06-28-09-27-06-5.html]
[www.rocket-internet.com/news/2017-06-02-12-25-01-d.html]
[www.rocket-internet.com/news/2017-05-31-06-00-01-c.html]
[www.rocket-internet.com/news/2017-05-24-05-00-06-a.html]
[www.rocket-internet.com/news/2017-05-24-05-00-02-1.html]
[www.rocket-internet.com/news/2017-04-25-06-00-06-8.html]
[www.rocket-internet.com/news/2017-04-05-06-23-01-a.html]
[www.rocket-internet.com/news/2017-01-19-07-00-01-3.html]
[www.rocket-internet.com/news/2016-12-20-09-15-41.html]
[www.rocket-internet.com/news/2016-12-09-23-01-26.html]
[www.rocket-internet.com/news/2016-11-30-07-00-01.html]
[www.rocket-internet.com/news/2016-11-23-07-01-01.html]
[www.rocket-internet.com/news/2016-09-23-09-57-31.html]
[www.rocket-internet.com/news/2016-09-22-05-45-01.html]
[www.rocket-internet.com/news/2016-09-15-06-00-01.html]
[www.rocket-internet.com/news/2016-09-07-16-45-01.html]
[www.rocket-internet.com/news/2016-09-01-21-40-56.html]
[www.rocket-internet.com/news/2016-07-22-06-04-21.html]
[www.rocket-internet.com/news/2016-06-09-14-00-01.html]
[www.rocket-internet.com/news/2016-05-31-06-00-01.html]
[www.rocket-internet.com/news/2016-05-02-11-00-01.html]
[www.rocket-internet.com/news/2016-04-14-05-30-02.html]
[www.rocket-internet.com/news/2016-02-05-07-30-01.html]
[www.rocket-internet.com/news/2016-12-20-09-15-41-1.html]
[www.rocket-internet.com/news/2016-12-09-23-01-26-f.html]
[www.rocket-internet.com/news/2016-11-30-07-00-01-5.html]
[www.rocket-internet.com/news/2016-11-23-07-01-01-b.html]
[www.rocket-internet.com/news/2016-09-23-09-57-31-1.html]
[www.rocket-internet.com/news/2016-09-22-05-45-01-e.html]
[www.rocket-internet.com/news/2016-09-15-06-00-01-f.html]
[www.rocket-internet.com/news/2016-09-07-16-45-01-0.html]
[www.rocket-internet.com/news/2016-09-01-21-40-56-a.html]
[www.rocket-internet.com/news/2016-07-22-06-04-21-4.html]
[www.rocket-internet.com/news/2016-06-09-14-00-01-c.html]
[www.rocket-internet.com/news/2016-05-31-06-00-01-f.html]
[www.rocket-internet.com/news/2016-05-02-11-00-01-c.html]
[www.rocket-internet.com/news/2016-04-14-05-30-02-6.html]
[www.rocket-internet.com/news/2016-02-05-07-30-01-5.html]
[www.rocket-internet.com/news/2015-09-30-06-30-21.html]
[www.rocket-internet.com/news/2015-07-22-06-05-44.html]
[www.rocket-internet.com/news/2015-07-14-16-24-03.html]
[www.rocket-internet.com/news/2015-07-13-16-33-35.html]
[www.rocket-internet.com/news/2015-07-01-06-30-02.html]
[www.rocket-internet.com/news/2015-06-23-13-21-17.html]
[www.rocket-internet.com/news/2015-06-08-05-45-06.html]
[www.rocket-internet.com/news/2015-05-05-05-45-01.html]
[www.rocket-internet.com/news/2015-03-18-16-54-47.html]
[www.rocket-internet.com/news/2015-03-11-11-30-02.html]
[www.rocket-internet.com/news/2015-02-13-07-54-46.html]
[www.rocket-internet.com/news/2015-02-12-17-36-35.html]
[www.rocket-internet.com/news/2015-02-12-17-28-03.html]
[www.rocket-internet.com/news/2015-02-11-07-48-07.html]
[www.rocket-internet.com/news/2015-02-06-07-04-27.html]
[www.rocket-internet.com/news/2015-01-21-07-00-04.html]
[www.rocket-internet.com/news/2015-01-07-09-01-58.html]
[www.rocket-internet.com/news/2015-01-06-08-05-38.html]
[www.rocket-internet.com/news/2015-09-30-06-30-21-e.html]
[www.rocket-internet.com/news/2015-07-14-16-24-03-1.html]
[www.rocket-internet.com/news/2015-07-13-16-33-35-7.html]
[www.rocket-internet.com/news/2015-07-01-06-30-02-b.html]
[www.rocket-internet.com/news/2015-06-23-13-21-17-e.html]
[www.rocket-internet.com/news/2015-05-05-05-45-01-0.html]
[www.rocket-internet.com/news/2015-02-12-17-36-35-f.html]
[www.rocket-internet.com/news/2015-02-12-17-28-03-6.html]
[www.rocket-internet.com/news/2015-01-21-07-00-04-b.html]
[www.rocket-internet.com/news/2015-01-07-09-01-58-4.html]
[www.rocket-internet.com/news/2015-01-06-08-05-38-3.html]
[www.rocket-internet.com/news/2014-11-17-11-11-00.html]
[www.rocket-internet.com/news/2014-11-17-07-56-13.html]
[www.rocket-internet.com/news/2014-10-31-21-50-30.html]
[www.rocket-internet.com/news/2014-11-17-07-56-13-f.html]
[www.rocket-internet.com/news/2014-10-31-21-50-30-7.html]
[www.rocket-internet.com/investors/share/cf_use_ob=0;path=/index.html]
[www.rocket-internet.com/news/ad-hoc-rocket-internet-se-decides-on-launch-of-public-delisting-self-tender-offer-and-convenes-extraordinary-general-meeting-parallel-share-buyback-program.html]
[www.rocket-internet.com/news/2020-05-11-14-11-10.html]
[www.rocket-internet.com/news/rocket-internet-se-rocket-internet-se-beschliesst-abgabe-eines-offentlichen-delisting-ruckerwerbsangebots-und-beruft-dafur-ausserordentliche-hauptversammlung-ein-paralleles-a-2]
[www.rocket-internet.com/news/2019-12-09-07-53-32.html]
[www.rocket-internet.com/news/2019-06-26-15-26-54.html]
[www.rocket-internet.com/news/2019-12-09-07-53-32-d.html]
[www.rocket-internet.com/news/2018-09-27-06-04-58.html]
[www.rocket-internet.com/news/2018-09-20-05-38-37.html]
[www.rocket-internet.com/news/2018-07-11-06-20-26.html]
[www.rocket-internet.com/news/2018-04-16-06-00-43.html]
[www.rocket-internet.com/news/2018-09-27-06-04-58-4.html]
[www.rocket-internet.com/news/2018-07-11-06-20-26-5.html]
[www.rocket-internet.com/news/2018-06-01-06-20-17-6.html]
[www.rocket-internet.com/news/2018-04-16-06-00-43-4.html]
[www.rocket-internet.com/news/2017-10-22-16-34-16.html]
[www.rocket-internet.com/news/2017-09-28-05-55-37.html]
[www.rocket-internet.com/news/2017-08-14-06-03-36.html]
[www.rocket-internet.com/news/2017-05-12-19-53-07.html]
[www.rocket-internet.com/news/2017-10-22-16-34-16-4.html]
[www.rocket-internet.com/news/2017-09-28-05-55-37-8.html]
[www.rocket-internet.com/news/2017-06-19-05-37-15-2.html]
[www.rocket-internet.com/news/2017-05-12-19-53-07-6.html]
[www.rocket-internet.com/news/2016-12-09-22-56-09.html]
[www.rocket-internet.com/news/2016-09-01-21-25-51.html]
[www.rocket-internet.com/news/2016-04-12-05-59-32.html]
[www.rocket-internet.com/news/2016-02-15-07-35-42.html]
[www.rocket-internet.com/news/2015-10-28-07-00-31.html]
[www.rocket-internet.com/news/2015-09-17-05-45-23.html]
[www.rocket-internet.com/news/2015-03-11-11-28-25.html]
[www.rocket-internet.com/news/2015-02-11-07-23-11.html]
[www.rocket-internet.com/news/2015-02-06-06-40-52.html]
[www.rocket-internet.com/news/2015-02-06-00-24-38.html]
[www.rocket-internet.com/news/2015-10-28-07-00-31-e.html]
[www.rocket-internet.com/news/2015-09-17-05-45-23-d.html]
[www.rocket-internet.com/news/2015-03-11-11-28-25-3.html]
[www.rocket-internet.com/news/2015-02-11-07-23-11-7.html]
[www.rocket-internet.com/news/2015-02-06-06-40-52-b.html]
[www.rocket-internet.com/news/2015-02-06-00-24-38-9.html]
[www.rocket-internet.com/news/2014-12-18-20-30-11.html]
[www.rocket-internet.com/news/2014-11-29-07-30-21.html]
[www.rocket-internet.com/news/2014-11-25-17-10-06.html]
[www.rocket-internet.com/news/2014-12-18-20-30-11-7.html]
[www.rocket-internet.com/news/2014-11-29-07-30-21-5.html]
[www.rocket-internet.com/news/2014-11-25-17-10-06-a.html]
[www.rocket-internet.com/media/cf_use_ob=0;path=/index.html]
[www.rocket-internet.com/news/cf_use_ob=0;path=/index.html]
[www.rocket-internet.com/careers/life-in-berlin.html]
[www.rocket-internet.com/careers/rocket/cf_use_ob=0;path=/index.html]
[global-uploads.webflow.com/5e998d8310343e62a9e92ada/5eda8b55a6421245efd4f04b_rocket.png]
[www.rocket-internet.com/jobs/co-founder-m-f-0.html]
[www.rocket-internet.com/jobs/co-founder-m-f-7.html]
[www.rocket-internet.com/jobs/co-founder-m-f-a.html]
[www.rocket-internet.com/jobs/founder-m-f-d.html]
[www.rocket-internet.com/jobs/co-founder-m-f.html]
[www.rocket-internet.com/jobs/referent-m-w-d-konzernrechnungswesen-rechnungswesen-internal-audit-compliance.html]
[www.rocket-internet.com/jobs/intern-at-global-founders-capital.html]
[www.rocket-internet.com/jobs/financial-analyst-intern-m-f-valuation-business-modeling.html]
[www.rocket-internet.com/jobs/corporate-finance-intern-m-f.html]
[www.rocket-internet.com/jobs/venture-capital-intern-m-f-global-founders-capital.html]
[www.rocket-internet.com/jobs/venture-capital-intern-m-f-d-global-founders-capital.html]
[www.rocket-internet.com/jobs/growth-private-equity-intern-m-f-d-global-founders-capital-8.html]
[www.rocket-internet.com/jobs/growth-private-equity-intern-m-f-d-global-founders-capital.html]
[www.rocket-internet.com/jobs/growth-private-equity-analyst-associate-m-f-d-global-founders-capital.html]
[www.rocket-internet.com/jobs/venture-capital-intern-global-founders-capital.html]
[www.rocket-internet.com/jobs/referendare-m-w-d.html]
[www.rocket-internet.com/jobs/cf_use_ob=0;path=/index.html]
[www.rocket-internet.com/disclaimers/ricp-presentation.html]
[www.rocket-internet.com/disclaimers/ricp-webcast.html]
[www.rocket-internet.com/disclaimers/ricp-pr-en.html]
[www.rocket-internet.com/disclaimers/ricp-pr-de.html]
[www.rocket-internet.com/news/rocket-internet-se-redemption-of-1-572-340-own-shares-completed.html]
[www.rocket-internet.com/news/2015-12-16-07-00-19.html]
[www.rocket-internet.com/news/2015-12-16-07-00-19-0.html]
[www.rocket-internet.com/news/2015-07-22-06-05-44-d.html]
[www.rocket-internet.com/news/2015-06-08-05-45-06-f.html]
[www.rocket-internet.com/news/2015-03-18-16-54-47-6.html]
[www.rocket-internet.com/news/2015-03-11-11-30-02-8.html]
[www.rocket-internet.com/news/2015-02-13-07-54-46-e.html]
[www.rocket-internet.com/news/2015-02-06-07-04-27-b.html]
[www.rocket-internet.com/cf_use_ob=0;path=.html]
[www.rocket-internet.com/news/2020-05-11-14-11-10-a.html]
[www.rocket-internet.com/news/2019-06-26-15-26-54-a.html]
[www.rocket-internet.com/news/2018-06-01-06-20-17.html]
[www.rocket-internet.com/news/2018-09-20-05-38-37-6.html]
[www.rocket-internet.com/news/2017-06-19-05-37-15.html]
[www.rocket-internet.com/news/2017-08-14-06-03-36-3.html]
[www.rocket-internet.com/news/2016-12-19-22-07-50.html]
[www.rocket-internet.com/news/2016-09-07-16-32-02.html]
[www.rocket-internet.com/news/2016-04-27-06-00-11.html]
[www.rocket-internet.com/news/2016-01-19-07-54-31.html]
[www.rocket-internet.com/news/2016-12-19-22-07-50-5.html]
[www.rocket-internet.com/news/2016-12-09-22-56-09-6.html]
[www.rocket-internet.com/news/2016-09-07-16-32-02-d.html]
[www.rocket-internet.com/news/2016-09-01-21-25-51-4.html]
[www.rocket-internet.com/news/2016-04-27-06-00-11-9.html]
[www.rocket-internet.com/news/2016-04-12-05-59-32-2.html]
[www.rocket-internet.com/news/2016-02-15-07-35-42-b.html]
[www.rocket-internet.com/news/2016-01-19-07-54-31-c.html]
[www.rocket-internet.com/careers/cf_use_ob=0;path=.html]
[www.rocket-internet.com/investors/cf_use_ob=0;path=.html]
[www.rocket-internet.com/investors/share/cf_use_ob=0;path=.html]
[www.rocket-internet.com/media/cf_use_ob=0;path=.html]
[www.rocket-internet.com/news/cf_use_ob=0;path=.html]
[www.rocket-internet.com/careers/rocket/cf_use_ob=0;path=.html]
[www.rocket-internet.com/jobs/cf_use_ob=0;path=.html]
